// Jest Snapshot v1, https://goo.gl/fbAQLP

exports[`Tests on <DeleteEventFab /> Should display correctly 1`] = `
<button
  className="btn btn-danger fab fab--delete"
  onClick={[Function]}
>
  <i
    className="fas fa-trash"
  />
</button>
`;
